// Jest Snapshot v1, https://goo.gl/fbAQLP

exports[`<NotFound> renders <NotFound> component 1`] = `
<div>
  <nav
    className="navbar navbar-expand-lg navbar-light bg-navbar fixed-top"
  >
    <Link
      className="navbar-brand"
      replace={false}
      to="/"
    >
      MoreRecipe
    </Link>
    <button
      aria-controls="navbarSupportedContent"
      aria-expanded="false"
      aria-label="Toggle navigation"
      className="navbar-toggler"
      data-target="#navbarSupportedContent"
      data-toggle="collapse"
      type="button"
    >
      <span
        className="navbar-toggler-icon"
      />
    </button>
    <div
      className="collapse navbar-collapse justify-content-end"
      id="navbarSupportedContent"
    />
  </nav>
  <div
    className="clearfix mb-20"
  />
  <div
    className="container"
  >
    <div
      className="row"
    >
      <div
        className="col-12"
      >
        <Link
          replace={false}
          to="/"
        >
          <h2
            className="text-center"
          >
            Go Home
          </h2>
          <img
            alt="Check"
            src="test-file-stub"
            style={
              Object {
                "display": "block",
                "margin": "50px auto",
              }
            }
          />
        </Link>
      </div>
    </div>
  </div>
  <FooterComponent />
</div>
`;
