// Jest Snapshot v1, https://goo.gl/fbAQLP

exports[`<ReviewList> should render the ReviewList Component 1`] = `
<Provider
  store={
    Object {
      "clearActions": [Function],
      "dispatch": [Function],
      "getActions": [Function],
      "getState": [Function],
      "replaceReducer": [Function],
      "subscribe": [Function],
    }
  }
>
  <BrowserRouter>
    <Router
      history={
        Object {
          "action": "POP",
          "block": [Function],
          "createHref": [Function],
          "go": [Function],
          "goBack": [Function],
          "goForward": [Function],
          "length": 1,
          "listen": [Function],
          "location": Object {
            "hash": "",
            "pathname": "blank",
            "search": "",
            "state": undefined,
          },
          "push": [Function],
          "replace": [Function],
        }
      }
    >
      <ReviewList
        review={
          Object {
            "users": Object {
              "username": "Justice",
            },
          }
        }
      >
        <div>
          <div
            className="row justify-content-center"
          >
            <div
              className="card mb-10 col-lg-11 p-0"
            >
              <div
                className="card-header"
              >
                JUSTICE
              </div>
              <div
                className="card-body"
              >
                <blockquote
                  className="blockquote mb-0"
                >
                  <p>
                    <small />
                  </p>
                  <footer
                    className="blockquote-footer"
                  >
                    Posted Â 
                    <cite
                      title="Source Title"
                    >
                      Invalid date
                    </cite>
                  </footer>
                </blockquote>
              </div>
            </div>
          </div>
        </div>
      </ReviewList>
    </Router>
  </BrowserRouter>
</Provider>
`;
