// Jest Snapshot v1, https://goo.gl/fbAQLP

exports[`<SearchComponent> should render the SearchComponent 1`] = `
<Provider
  store={
    Object {
      "clearActions": [Function],
      "dispatch": [Function],
      "getActions": [Function],
      "getState": [Function],
      "replaceReducer": [Function],
      "subscribe": [Function],
    }
  }
>
  <BrowserRouter>
    <Router
      history={
        Object {
          "action": "POP",
          "block": [Function],
          "createHref": [Function],
          "go": [Function],
          "goBack": [Function],
          "goForward": [Function],
          "length": 1,
          "listen": [Function],
          "location": Object {
            "hash": "",
            "pathname": "blank",
            "search": "",
            "state": undefined,
          },
          "push": [Function],
          "replace": [Function],
        }
      }
    >
      <Connect(SearchComponent)>
        <SearchComponent
          searchRecipe={[Function]}
        >
          <div
            className="container-fluid banner pt-90"
          >
            <div
              className="row"
            >
              <div
                className="col-lg-12 text-white"
              >
                <h2
                  className="text-center"
                >
                  More Recipe
                </h2>
                <p
                  className="lead text-center"
                  style={
                    Object {
                      "opacity": 0.9,
                    }
                  }
                >
                  Amazing food recipes at your beck
                </p>
                <div
                  id="custom-search-input center-content"
                >
                  <div
                    className="input-group col-md-6 mx-auto"
                  >
                    <input
                      className="search-query form-control form-control-lg"
                      name="searchParams"
                      onChange={[Function]}
                      placeholder="Search recipe"
                      type="text"
                    />
                    <span
                      className="input-group-btn"
                    >
                      <button
                        className="btn btn-outline-warning btn-lg"
                        disabled={false}
                        onClick={[Function]}
                        type="button"
                      >
                        <span
                          className="fa fa-search"
                        />
                      </button>
                    </span>
                  </div>
                </div>
              </div>
            </div>
          </div>
        </SearchComponent>
      </Connect(SearchComponent)>
    </Router>
  </BrowserRouter>
</Provider>
`;
