// Jest Snapshot v1, https://goo.gl/fbAQLP

exports[`<SignIn> should render SignIn component 1`] = `
<Provider
  store={
    Object {
      "clearActions": [Function],
      "dispatch": [Function],
      "getActions": [Function],
      "getState": [Function],
      "replaceReducer": [Function],
      "subscribe": [Function],
    }
  }
>
  <BrowserRouter>
    <Router
      history={
        Object {
          "action": "POP",
          "block": [Function],
          "createHref": [Function],
          "go": [Function],
          "goBack": [Function],
          "goForward": [Function],
          "length": 1,
          "listen": [Function],
          "location": Object {
            "hash": "",
            "pathname": "blank",
            "search": "",
            "state": undefined,
          },
          "push": [Function],
          "replace": [Function],
        }
      }
    >
      <Connect(SignIn)>
        <SignIn
          signInAction={[Function]}
          signInState={
            Object {
              "signInState": Object {},
            }
          }
        >
          <div
            aria-hidden="true"
            aria-labelledby="signInModalLabel"
            className="modal fade"
            id="signInModal"
            role="dialog"
            tabIndex="-1"
          >
            <div
              className="modal-dialog"
              role="document"
            >
              <div
                className="modal-content simplebox blade"
              >
                <div
                  className="modal-header"
                >
                  <h5
                    className="modal-title"
                    id="signInModalLabel"
                  >
                    Sign In
                  </h5>
                  <button
                    aria-label="Close"
                    className="close"
                    data-dismiss="modal"
                    type="button"
                  >
                    <span
                      aria-hidden="true"
                    >
                      Ã—
                    </span>
                  </button>
                </div>
                <div
                  className="modal-body"
                >
                  <form
                    className="mt-15"
                    onSubmit={[Function]}
                  >
                    <small
                      className="form-text text-muted"
                    >
                      All input fields marked
                      <span
                        className="text-danger"
                      >
                        *
                      </span>
                       are required
                    </small>
                    <div
                      className="form-group"
                    >
                      <label
                        htmlFor="email"
                      >
                        Email address 
                        <span
                          className="text-danger"
                        >
                          *
                        </span>
                      </label>
                      <input
                        aria-describedby="email"
                        className="form-control"
                        name="email"
                        onChange={[Function]}
                        placeholder="Enter email"
                        type="text"
                        value=""
                      />
                      <small
                        className="form-text text-muted"
                        id="email"
                      >
                        We will never share your email with anyone else.
                      </small>
                    </div>
                    <div
                      className="form-group"
                    >
                      <label
                        htmlFor="password"
                      >
                        Password 
                        <span
                          className="text-danger"
                        >
                          *
                        </span>
                      </label>
                      <input
                        className="form-control"
                        name="password"
                        onChange={[Function]}
                        placeholder="Password"
                        type="password"
                        value=""
                      />
                    </div>
                    <div
                      className="modal-footer"
                    >
                      <button
                        className="btn btn-warning"
                        type="submit"
                      >
                        Log In
                      </button>
                    </div>
                  </form>
                </div>
              </div>
            </div>
          </div>
        </SignIn>
      </Connect(SignIn)>
    </Router>
  </BrowserRouter>
</Provider>
`;
